// Jest Snapshot v1, https://goo.gl/fbAQLP

exports[`Column Menu Column snapshot matches 1`] = `
<ColumnMenuColumn
  addColumn={[Function]}
  cache={true}
  data={
    Array [
      "one",
      "two",
      "three",
    ]
  }
  filter={true}
  match={
    Array [
      "one",
      "two",
      "three",
    ]
  }
  onSelect={[Function]}
>
  <div
    className="col"
  >
    <ColumnMenuColumnHeader
      filter={true}
      filterText=""
      onChange={[Function]}
    >
      <div
        className="hdr"
      >
        <TextField
          fullWidth={false}
          id="cmc-filter-field"
          leftIconStateful={true}
          lineDirection="left"
          onChange={[Function]}
          passwordIconChildren="remove_red_eye"
          placeholder="Filter"
          rightIcon={
            <FontIcon
              iconClassName="material-icons"
              style={
                Object {
                  "left": "-50px",
                  "position": "absolute",
                  "top": "10px",
                }
              }
            >
              action_search
            </FontIcon>
          }
          rightIconStateful={true}
          style={
            Object {
              "left": "13px",
              "position": "absolute",
              "top": "-3px",
              "width": "160px",
            }
          }
          type="text"
          value=""
        >
          <div
            className="md-text-field-container md-inline-block md-text-field-container--input"
            onClick={[Function]}
            style={
              Object {
                "height": null,
                "left": "13px",
                "position": "absolute",
                "top": "-3px",
                "width": "160px",
              }
            }
          >
            <FloatingLabel
              active={false}
              error={false}
              floating={false}
              htmlFor="cmc-filter-field"
              iconOffset={false}
            />
            <div
              className="md-text-field-icon-container"
            >
              <div
                className="md-text-field-divider-container"
              >
                <InputField
                  fullWidth={false}
                  id="cmc-filter-field"
                  inlineIndicator={false}
                  onChange={[Function]}
                  onFocus={[Function]}
                  onHeightChange={[Function]}
                  onKeyDown={[Function]}
                  placeholder="Filter"
                  type="text"
                  value=""
                >
                  <input
                    className="md-text-field md-text md-text-field--margin"
                    id="cmc-filter-field"
                    onChange={[Function]}
                    onFocus={[Function]}
                    onKeyDown={[Function]}
                    placeholder="Filter"
                    type="text"
                    value=""
                  />
                </InputField>
                <TextFieldDivider
                  active={false}
                  error={false}
                  lineDirection="left"
                >
                  <Divider
                    className="md-divider--text-field md-divider--expand-from-left"
                  >
                    <hr
                      className="md-divider md-divider--text-field md-divider--expand-from-left"
                    />
                  </Divider>
                </TextFieldDivider>
              </div>
              <FontIcon
                className="md-text-field-icon"
                iconClassName="material-icons"
                style={
                  Object {
                    "left": "-50px",
                    "position": "absolute",
                    "top": "10px",
                  }
                }
              >
                <i
                  className="md-icon material-icons md-text-field-icon"
                  style={
                    Object {
                      "left": "-50px",
                      "position": "absolute",
                      "top": "10px",
                    }
                  }
                >
                  action_search
                </i>
              </FontIcon>
            </div>
            <TextFieldMessage
              active={false}
              currentLength={0}
              error={false}
              leftIcon={false}
              rightIcon={true}
            />
          </div>
        </TextField>
      </div>
    </ColumnMenuColumnHeader>
    <Menu
      className="column-menu-menu"
      component="div"
      fullWidth={true}
      isOpen={true}
      listClassName="column-menu-list"
      onClose={[Function]}
      position="tr"
      transitionEnterTimeout={200}
      transitionLeaveTimeout={200}
      transitionName="md-menu"
    >
      <ReactCSSTransitionGroup
        aria-expanded={true}
        aria-haspopup={true}
        className="md-inline-block md-menu-container md-full-width column-menu-menu"
        component="div"
        transitionAppear={false}
        transitionEnter={true}
        transitionEnterTimeout={200}
        transitionLeave={true}
        transitionLeaveTimeout={200}
        transitionName="md-menu"
      >
        <ReactTransitionGroup
          aria-expanded={true}
          aria-haspopup={true}
          childFactory={[Function]}
          className="md-inline-block md-menu-container md-full-width column-menu-menu"
          component="div"
          transitionAppear={false}
          transitionEnter={true}
          transitionEnterTimeout={200}
          transitionLeave={true}
          transitionLeaveTimeout={200}
          transitionName="md-menu"
        >
          <div
            aria-expanded={true}
            aria-haspopup={true}
            className="md-inline-block md-menu-container md-full-width column-menu-menu"
          >
            <ReactCSSTransitionGroupChild
              appear={false}
              enter={true}
              enterTimeout={200}
              leave={true}
              leaveTimeout={200}
              name="md-menu"
            >
              <List
                className="column-menu-list"
                onClick={[Function]}
              >
                <ul
                  className="md-list md-list--menu md-list--menu-scrollable md-list--menu-tr column-menu-list"
                  onClick={[Function]}
                >
                  <ListItem
                    active={false}
                    activeClassName="md-text--theme-primary"
                    className="column-menu-item"
                    component="div"
                    data-test="cm-item-one"
                    expanderIconChildren="keyboard_arrow_down"
                    onClick={[Function]}
                    primaryText="one"
                    value={0}
                  >
                    <li
                      className="md-list-item column-menu-item"
                    >
                      <AccessibleFakeButtonInked
                        __SUPER_SECRET_REF__={[Function]}
                        aria-expanded={null}
                        className="md-list-tile md-text"
                        component="div"
                        data-test="cm-item-one"
                        inkTransitionEnterTimeout={450}
                        inkTransitionLeaveTimeout={300}
                        inkTransitionOverlap={150}
                        onClick={[Function]}
                        onKeyDown={[Function]}
                        onKeyUp={[Function]}
                        onMouseLeave={[Function]}
                        onMouseOver={[Function]}
                        onTouchEnd={[Function]}
                        onTouchStart={[Function]}
                        value={0}
                      >
                        <AccessibleFakeButton
                          aria-expanded={null}
                          className="md-list-tile md-text"
                          component="div"
                          data-test="cm-item-one"
                          ink={
                            <InkContainer
                              className={undefined}
                              disabledInteractions={undefined}
                              inkClassName={undefined}
                              inkStyle={undefined}
                              style={undefined}
                              transitionEnterTimeout={450}
                              transitionLeaveTimeout={300}
                              transitionOverlap={150}
                              waitForInkTransition={undefined}
                            />
                          }
                          onClick={[Function]}
                          onKeyDown={[Function]}
                          onKeyUp={[Function]}
                          onMouseLeave={[Function]}
                          onMouseOver={[Function]}
                          onTouchEnd={[Function]}
                          onTouchStart={[Function]}
                          role="button"
                          tabIndex={0}
                          value={0}
                        >
                          <div
                            aria-expanded={null}
                            aria-pressed={false}
                            className="md-fake-btn md-pointer--hover md-list-tile md-text"
                            data-test="cm-item-one"
                            onBlur={[Function]}
                            onClick={[Function]}
                            onKeyDown={[Function]}
                            onKeyUp={[Function]}
                            onMouseLeave={[Function]}
                            onMouseOver={[Function]}
                            onTouchEnd={[Function]}
                            onTouchStart={[Function]}
                            role="button"
                            tabIndex={0}
                            value={0}
                          >
                            <InkContainer
                              transitionEnterTimeout={450}
                              transitionLeaveTimeout={300}
                              transitionOverlap={150}
                            >
                              <ReactTransitionGroup
                                childFactory={[Function]}
                                className="md-ink-container"
                                component="div"
                              >
                                <div
                                  className="md-ink-container"
                                />
                              </ReactTransitionGroup>
                            </InkContainer>
                            <TileAddon
                              active={false}
                              activeClassName="md-text--theme-primary"
                            />
                            <ListItemText
                              active={false}
                              activeClassName="md-text--theme-primary"
                              className=""
                              primaryText="one"
                            >
                              <div
                                className="md-tile-content"
                              >
                                <div
                                  className="md-tile-text--primary md-text"
                                >
                                  one
                                </div>
                              </div>
                            </ListItemText>
                            <TileAddon
                              active={false}
                              activeClassName="md-text--theme-primary"
                            />
                          </div>
                        </AccessibleFakeButton>
                      </AccessibleFakeButtonInked>
                    </li>
                  </ListItem>
                  <ListItem
                    active={false}
                    activeClassName="md-text--theme-primary"
                    className="column-menu-item"
                    component="div"
                    data-test="cm-item-two"
                    expanderIconChildren="keyboard_arrow_down"
                    onClick={[Function]}
                    primaryText="two"
                    value={1}
                  >
                    <li
                      className="md-list-item column-menu-item"
                    >
                      <AccessibleFakeButtonInked
                        __SUPER_SECRET_REF__={[Function]}
                        aria-expanded={null}
                        className="md-list-tile md-text"
                        component="div"
                        data-test="cm-item-two"
                        inkTransitionEnterTimeout={450}
                        inkTransitionLeaveTimeout={300}
                        inkTransitionOverlap={150}
                        onClick={[Function]}
                        onKeyDown={[Function]}
                        onKeyUp={[Function]}
                        onMouseLeave={[Function]}
                        onMouseOver={[Function]}
                        onTouchEnd={[Function]}
                        onTouchStart={[Function]}
                        value={1}
                      >
                        <AccessibleFakeButton
                          aria-expanded={null}
                          className="md-list-tile md-text"
                          component="div"
                          data-test="cm-item-two"
                          ink={
                            <InkContainer
                              className={undefined}
                              disabledInteractions={undefined}
                              inkClassName={undefined}
                              inkStyle={undefined}
                              style={undefined}
                              transitionEnterTimeout={450}
                              transitionLeaveTimeout={300}
                              transitionOverlap={150}
                              waitForInkTransition={undefined}
                            />
                          }
                          onClick={[Function]}
                          onKeyDown={[Function]}
                          onKeyUp={[Function]}
                          onMouseLeave={[Function]}
                          onMouseOver={[Function]}
                          onTouchEnd={[Function]}
                          onTouchStart={[Function]}
                          role="button"
                          tabIndex={0}
                          value={1}
                        >
                          <div
                            aria-expanded={null}
                            aria-pressed={false}
                            className="md-fake-btn md-pointer--hover md-list-tile md-text"
                            data-test="cm-item-two"
                            onBlur={[Function]}
                            onClick={[Function]}
                            onKeyDown={[Function]}
                            onKeyUp={[Function]}
                            onMouseLeave={[Function]}
                            onMouseOver={[Function]}
                            onTouchEnd={[Function]}
                            onTouchStart={[Function]}
                            role="button"
                            tabIndex={0}
                            value={1}
                          >
                            <InkContainer
                              transitionEnterTimeout={450}
                              transitionLeaveTimeout={300}
                              transitionOverlap={150}
                            >
                              <ReactTransitionGroup
                                childFactory={[Function]}
                                className="md-ink-container"
                                component="div"
                              >
                                <div
                                  className="md-ink-container"
                                />
                              </ReactTransitionGroup>
                            </InkContainer>
                            <TileAddon
                              active={false}
                              activeClassName="md-text--theme-primary"
                            />
                            <ListItemText
                              active={false}
                              activeClassName="md-text--theme-primary"
                              className=""
                              primaryText="two"
                            >
                              <div
                                className="md-tile-content"
                              >
                                <div
                                  className="md-tile-text--primary md-text"
                                >
                                  two
                                </div>
                              </div>
                            </ListItemText>
                            <TileAddon
                              active={false}
                              activeClassName="md-text--theme-primary"
                            />
                          </div>
                        </AccessibleFakeButton>
                      </AccessibleFakeButtonInked>
                    </li>
                  </ListItem>
                  <ListItem
                    active={false}
                    activeClassName="md-text--theme-primary"
                    className="column-menu-item"
                    component="div"
                    data-test="cm-item-three"
                    expanderIconChildren="keyboard_arrow_down"
                    onClick={[Function]}
                    primaryText="three"
                    value={2}
                  >
                    <li
                      className="md-list-item column-menu-item"
                    >
                      <AccessibleFakeButtonInked
                        __SUPER_SECRET_REF__={[Function]}
                        aria-expanded={null}
                        className="md-list-tile md-text"
                        component="div"
                        data-test="cm-item-three"
                        inkTransitionEnterTimeout={450}
                        inkTransitionLeaveTimeout={300}
                        inkTransitionOverlap={150}
                        onClick={[Function]}
                        onKeyDown={[Function]}
                        onKeyUp={[Function]}
                        onMouseLeave={[Function]}
                        onMouseOver={[Function]}
                        onTouchEnd={[Function]}
                        onTouchStart={[Function]}
                        value={2}
                      >
                        <AccessibleFakeButton
                          aria-expanded={null}
                          className="md-list-tile md-text"
                          component="div"
                          data-test="cm-item-three"
                          ink={
                            <InkContainer
                              className={undefined}
                              disabledInteractions={undefined}
                              inkClassName={undefined}
                              inkStyle={undefined}
                              style={undefined}
                              transitionEnterTimeout={450}
                              transitionLeaveTimeout={300}
                              transitionOverlap={150}
                              waitForInkTransition={undefined}
                            />
                          }
                          onClick={[Function]}
                          onKeyDown={[Function]}
                          onKeyUp={[Function]}
                          onMouseLeave={[Function]}
                          onMouseOver={[Function]}
                          onTouchEnd={[Function]}
                          onTouchStart={[Function]}
                          role="button"
                          tabIndex={0}
                          value={2}
                        >
                          <div
                            aria-expanded={null}
                            aria-pressed={false}
                            className="md-fake-btn md-pointer--hover md-list-tile md-text"
                            data-test="cm-item-three"
                            onBlur={[Function]}
                            onClick={[Function]}
                            onKeyDown={[Function]}
                            onKeyUp={[Function]}
                            onMouseLeave={[Function]}
                            onMouseOver={[Function]}
                            onTouchEnd={[Function]}
                            onTouchStart={[Function]}
                            role="button"
                            tabIndex={0}
                            value={2}
                          >
                            <InkContainer
                              transitionEnterTimeout={450}
                              transitionLeaveTimeout={300}
                              transitionOverlap={150}
                            >
                              <ReactTransitionGroup
                                childFactory={[Function]}
                                className="md-ink-container"
                                component="div"
                              >
                                <div
                                  className="md-ink-container"
                                />
                              </ReactTransitionGroup>
                            </InkContainer>
                            <TileAddon
                              active={false}
                              activeClassName="md-text--theme-primary"
                            />
                            <ListItemText
                              active={false}
                              activeClassName="md-text--theme-primary"
                              className=""
                              primaryText="three"
                            >
                              <div
                                className="md-tile-content"
                              >
                                <div
                                  className="md-tile-text--primary md-text"
                                >
                                  three
                                </div>
                              </div>
                            </ListItemText>
                            <TileAddon
                              active={false}
                              activeClassName="md-text--theme-primary"
                            />
                          </div>
                        </AccessibleFakeButton>
                      </AccessibleFakeButtonInked>
                    </li>
                  </ListItem>
                </ul>
              </List>
            </ReactCSSTransitionGroupChild>
          </div>
        </ReactTransitionGroup>
      </ReactCSSTransitionGroup>
    </Menu>
  </div>
</ColumnMenuColumn>
`;
